[dotenv] Set [36mWHATSAPP_CONTACT_NUMBER[0m
[dotenv] Loaded [33m.env[0m
[dotenv] Set [36mWHATSAPP_CONTACT_NUMBER[0m
[dotenv] Loaded [33m.env[0m
[dotenv] Set [36mWHATSAPP_CONTACT_NUMBER[0m
[dotenv] Loaded [33m.env[0m
Started GET "/" for ::1 at 2026-08-21 11:55:42 -0400
  [1m[35m (0.1ms)[0m  [1m[35mCREATE TABLE "schema_migrations" ("version" varchar NOT NULL PRIMARY KEY) /*application='DulceriaWebRuby'*/[0m
  [1m[35m (0.0ms)[0m  [1m[35mCREATE TABLE "ar_internal_metadata" ("key" varchar NOT NULL PRIMARY KEY, "value" varchar, "created_at" datetime(6) NOT NULL, "updated_at" datetime(6) NOT NULL) /*application='DulceriaWebRuby'*/[0m
  [1m[36mActiveRecord::SchemaMigration Load (0.0ms)[0m  [1m[34mSELECT "schema_migrations"."version" FROM "schema_migrations" ORDER BY "schema_migrations"."version" ASC /*application='DulceriaWebRuby'*/[0m
Processing by BakeryController#home as */*
  Rendering layout layouts/application.html.erb
  Rendering bakery/home.html.erb within layouts/application
  Rendered bakery/home.html.erb within layouts/application (Duration: 0.3ms | GC: 0.0ms)
  Rendered layout layouts/application.html.erb (Duration: 1.4ms | GC: 0.0ms)
Completed 200 OK in 8ms (Views: 2.5ms | ActiveRecord: 0.0ms (0 queries, 0 cached) | GC: 0.0ms)


Started GET "/" for ::1 at 2026-08-21 11:55:42 -0400
Processing by BakeryController#home as */*
  Rendering layout layouts/application.html.erb
  Rendering bakery/home.html.erb within layouts/application
  Rendered bakery/home.html.erb within layouts/application (Duration: 0.0ms | GC: 0.0ms)
  Rendered layout layouts/application.html.erb (Duration: 0.3ms | GC: 0.0ms)
Completed 200 OK in 1ms (Views: 0.4ms | ActiveRecord: 0.0ms (0 queries, 0 cached) | GC: 0.0ms)


[dotenv] Set [36mWHATSAPP_CONTACT_NUMBER[0m
[dotenv] Loaded [33m.env[0m
Started GET "/" for ::1 at 2026-08-21 11:56:34 -0400
  [1m[36mActiveRecord::SchemaMigration Load (0.0ms)[0m  [1m[34mSELECT "schema_migrations"."version" FROM "schema_migrations" ORDER BY "schema_migrations"."version" ASC /*application='DulceriaWebRuby'*/[0m
Processing by BakeryController#home as */*
  Rendering layout layouts/application.html.erb
  Rendering bakery/home.html.erb within layouts/application
  Rendered bakery/home.html.erb within layouts/application (Duration: 0.2ms | GC: 0.0ms)
  Rendered layout layouts/application.html.erb (Duration: 1.4ms | GC: 0.0ms)
Completed 200 OK in 9ms (Views: 2.4ms | ActiveRecord: 0.0ms (0 queries, 0 cached) | GC: 0.0ms)


Started GET "/" for ::1 at 2026-08-21 11:56:34 -0400
Processing by BakeryController#home as */*
  Rendering layout layouts/application.html.erb
  Rendering bakery/home.html.erb within layouts/application
  Rendered bakery/home.html.erb within layouts/application (Duration: 0.0ms | GC: 0.0ms)
  Rendered layout layouts/application.html.erb (Duration: 0.3ms | GC: 0.0ms)
Completed 200 OK in 1ms (Views: 0.4ms | ActiveRecord: 0.0ms (0 queries, 0 cached) | GC: 0.0ms)


[dotenv] Set [36mWHATSAPP_CONTACT_NUMBER[0m
[dotenv] Loaded [33m.env[0m
Started GET "/" for ::1 at 2026-08-21 11:57:27 -0400
  [1m[36mActiveRecord::SchemaMigration Load (0.0ms)[0m  [1m[34mSELECT "schema_migrations"."version" FROM "schema_migrations" ORDER BY "schema_migrations"."version" ASC /*application='DulceriaWebRuby'*/[0m
Processing by BakeryController#home as */*
  Rendering layout layouts/application.html.erb
  Rendering bakery/home.html.erb within layouts/application
  Rendered bakery/home.html.erb within layouts/application (Duration: 0.2ms | GC: 0.0ms)
  Rendered layout layouts/application.html.erb (Duration: 1.3ms | GC: 0.0ms)
Completed 200 OK in 9ms (Views: 2.4ms | ActiveRecord: 0.0ms (0 queries, 0 cached) | GC: 0.1ms)


[dotenv] Set [36mWHATSAPP_CONTACT_NUMBER[0m
[dotenv] Loaded [33m.env[0m
Started GET "/" for ::1 at 2026-08-21 12:05:28 -0400
  [1m[36mActiveRecord::SchemaMigration Load (0.1ms)[0m  [1m[34mSELECT "schema_migrations"."version" FROM "schema_migrations" ORDER BY "schema_migrations"."version" ASC /*application='DulceriaWebRuby'*/[0m
Processing by BakeryController#home as HTML
  Rendering layout layouts/application.html.erb
  Rendering bakery/home.html.erb within layouts/application
  Rendered bakery/home.html.erb within layouts/application (Duration: 0.3ms | GC: 0.0ms)
  Rendered layout layouts/application.html.erb (Duration: 1.6ms | GC: 0.0ms)
Completed 200 OK in 10ms (Views: 3.0ms | ActiveRecord: 0.0ms (0 queries, 0 cached) | GC: 0.1ms)


Started GET "/" for ::1 at 2026-08-21 12:05:43 -0400
Processing by BakeryController#home as HTML
  Rendering layout layouts/application.html.erb
  Rendering bakery/home.html.erb within layouts/application
  Rendered bakery/home.html.erb within layouts/application (Duration: 0.2ms | GC: 0.0ms)
  Rendered layout layouts/application.html.erb (Duration: 1.0ms | GC: 0.0ms)
Completed 200 OK in 3ms (Views: 1.9ms | ActiveRecord: 0.0ms (0 queries, 0 cached) | GC: 0.0ms)


[dotenv] Set [36mWHATSAPP_CONTACT_NUMBER[0m
[dotenv] Loaded [33m.env[0m
Started GET "/" for ::1 at 2026-08-21 12:17:49 -0400
  [1m[36mActiveRecord::SchemaMigration Load (0.0ms)[0m  [1m[34mSELECT "schema_migrations"."version" FROM "schema_migrations" ORDER BY "schema_migrations"."version" ASC /*application='DulceriaWebRuby'*/[0m
Processing by BakeryController#home as */*
  Rendering layout layouts/application.html.erb
  Rendering bakery/home.html.erb within layouts/application
  Rendered bakery/home.html.erb within layouts/application (Duration: 0.7ms | GC: 0.0ms)
  Rendered layout layouts/application.html.erb (Duration: 1.6ms | GC: 0.0ms)
Completed 200 OK in 8ms (Views: 2.6ms | ActiveRecord: 0.0ms (0 queries, 0 cached) | GC: 0.0ms)


Started GET "/" for ::1 at 2026-08-21 12:17:49 -0400
Processing by BakeryController#home as */*
  Rendering layout layouts/application.html.erb
  Rendering bakery/home.html.erb within layouts/application
  Rendered bakery/home.html.erb within layouts/application (Duration: 0.1ms | GC: 0.0ms)
  Rendered layout layouts/application.html.erb (Duration: 0.3ms | GC: 0.0ms)
Completed 200 OK in 1ms (Views: 0.5ms | ActiveRecord: 0.0ms (0 queries, 0 cached) | GC: 0.0ms)


Started GET "/" for ::1 at 2026-08-21 12:17:49 -0400
Processing by BakeryController#home as */*
  Rendering layout layouts/application.html.erb
  Rendering bakery/home.html.erb within layouts/application
  Rendered bakery/home.html.erb within layouts/application (Duration: 0.1ms | GC: 0.0ms)
  Rendered layout layouts/application.html.erb (Duration: 0.4ms | GC: 0.0ms)
Completed 200 OK in 1ms (Views: 0.5ms | ActiveRecord: 0.0ms (0 queries, 0 cached) | GC: 0.0ms)


[dotenv] Set [36mWHATSAPP_CONTACT_NUMBER[0m
[dotenv] Loaded [33m.env[0m
Started GET "/" for ::1 at 2026-08-21 12:18:10 -0400
  [1m[36mActiveRecord::SchemaMigration Load (0.0ms)[0m  [1m[34mSELECT "schema_migrations"."version" FROM "schema_migrations" ORDER BY "schema_migrations"."version" ASC /*application='DulceriaWebRuby'*/[0m
Processing by BakeryController#home as */*
  Rendering layout layouts/application.html.erb
  Rendering bakery/home.html.erb within layouts/application
  Rendered bakery/home.html.erb within layouts/application (Duration: 0.7ms | GC: 0.0ms)
  Rendered layout layouts/application.html.erb (Duration: 1.6ms | GC: 0.0ms)
Completed 200 OK in 9ms (Views: 2.8ms | ActiveRecord: 0.0ms (0 queries, 0 cached) | GC: 0.0ms)


[dotenv] Set [36mWHATSAPP_CONTACT_NUMBER[0m
[dotenv] Loaded [33m.env[0m
Started GET "/" for 127.0.0.1 at 2026-08-21 19:32:21 -0400
  [1m[36mActiveRecord::SchemaMigration Load (0.2ms)[0m  [1m[34mSELECT "schema_migrations"."version" FROM "schema_migrations" ORDER BY "schema_migrations"."version" ASC /*application='DulceriaWebRuby'*/[0m
Processing by BakeryController#home as HTML
  Rendering layout layouts/application.html.erb
  Rendering bakery/home.html.erb within layouts/application
  Rendered bakery/home.html.erb within layouts/application (Duration: 2.1ms | GC: 0.0ms)
  Rendered layout layouts/application.html.erb (Duration: 5.7ms | GC: 0.0ms)
Completed 200 OK in 26ms (Views: 8.9ms | ActiveRecord: 0.0ms (0 queries, 0 cached) | GC: 0.0ms)


[dotenv] Set [36mWHATSAPP_CONTACT_NUMBER[0m
[dotenv] Loaded [33m.env[0m
Started GET "/" for 127.0.0.1 at 2026-08-23 13:31:10 -0400
  [1m[36mActiveRecord::SchemaMigration Load (0.1ms)[0m  [1m[34mSELECT "schema_migrations"."version" FROM "schema_migrations" ORDER BY "schema_migrations"."version" ASC /*application='DulceriaWebRuby'*/[0m
Processing by BakeryController#home as HTML
  Rendering layout layouts/application.html.erb
  Rendering bakery/home.html.erb within layouts/application
  Rendered bakery/home.html.erb within layouts/application (Duration: 0.9ms | GC: 0.0ms)
  Rendered layout layouts/application.html.erb (Duration: 2.0ms | GC: 0.0ms)
Completed 200 OK in 15ms (Views: 4.2ms | ActiveRecord: 0.0ms (0 queries, 0 cached) | GC: 0.0ms)


Started GET "/" for ::1 at 2026-08-23 13:31:18 -0400
Processing by BakeryController#home as HTML
  Rendering layout layouts/application.html.erb
  Rendering bakery/home.html.erb within layouts/application
  Rendered bakery/home.html.erb within layouts/application (Duration: 0.7ms | GC: 0.0ms)
  Rendered layout layouts/application.html.erb (Duration: 4.1ms | GC: 0.0ms)
Completed 200 OK in 7ms (Views: 5.0ms | ActiveRecord: 0.0ms (0 queries, 0 cached) | GC: 0.0ms)


[dotenv] Set [36mWHATSAPP_CONTACT_NUMBER[0m
[dotenv] Loaded [33m.env[0m
Started GET "/" for ::1 at 2026-09-27 10:14:05 -0400
  [1m[36mActiveRecord::SchemaMigration Load (0.1ms)[0m  [1m[34mSELECT "schema_migrations"."version" FROM "schema_migrations" ORDER BY "schema_migrations"."version" ASC /*application='DulceriaWebRuby'*/[0m
Processing by BakeryController#home as HTML
  Rendering layout layouts/application.html.erb
  Rendering bakery/home.html.erb within layouts/application
  Rendered bakery/home.html.erb within layouts/application (Duration: 1.5ms | GC: 0.0ms)
  Rendered layout layouts/application.html.erb (Duration: 3.5ms | GC: 0.0ms)
Completed 200 OK in 23ms (Views: 6.3ms | ActiveRecord: 0.0ms (0 queries, 0 cached) | GC: 0.1ms)


Started GET "/" for 127.0.0.1 at 2026-09-27 10:16:17 -0400
Processing by BakeryController#home as HTML
  Rendering layout layouts/application.html.erb
  Rendering bakery/home.html.erb within layouts/application
  Rendered bakery/home.html.erb within layouts/application (Duration: 0.3ms | GC: 0.0ms)
  Rendered layout layouts/application.html.erb (Duration: 1.0ms | GC: 0.0ms)
Completed 200 OK in 2ms (Views: 1.3ms | ActiveRecord: 0.0ms (0 queries, 0 cached) | GC: 0.0ms)


Started GET "/" for 127.0.0.1 at 2026-09-27 10:33:36 -0400
Processing by BakeryController#home as HTML
  Rendering layout layouts/application.html.erb
  Rendering bakery/home.html.erb within layouts/application
  Rendered bakery/home.html.erb within layouts/application (Duration: 2.6ms | GC: 0.0ms)
  Rendered layout layouts/application.html.erb (Duration: 4.8ms | GC: 0.0ms)
Completed 200 OK in 7ms (Views: 5.7ms | ActiveRecord: 0.0ms (0 queries, 0 cached) | GC: 0.0ms)


Started GET "/" for ::1 at 2026-09-27 10:34:29 -0400
Processing by BakeryController#home as HTML
  Rendering layout layouts/application.html.erb
  Rendering bakery/home.html.erb within layouts/application
  Rendered bakery/home.html.erb within layouts/application (Duration: 0.2ms | GC: 0.0ms)
  Rendered layout layouts/application.html.erb (Duration: 0.7ms | GC: 0.0ms)
Completed 200 OK in 2ms (Views: 1.0ms | ActiveRecord: 0.0ms (0 queries, 0 cached) | GC: 0.0ms)


Started GET "/" for 127.0.0.1 at 2026-09-27 10:34:50 -0400
Processing by BakeryController#home as HTML
  Rendering layout layouts/application.html.erb
  Rendering bakery/home.html.erb within layouts/application
  Rendered bakery/home.html.erb within layouts/application (Duration: 0.6ms | GC: 0.0ms)
  Rendered layout layouts/application.html.erb (Duration: 1.5ms | GC: 0.0ms)
Completed 200 OK in 4ms (Views: 2.4ms | ActiveRecord: 0.0ms (0 queries, 0 cached) | GC: 0.0ms)


Started GET "/" for 127.0.0.1 at 2026-09-27 10:37:27 -0400
Processing by BakeryController#home as HTML
  Rendering layout layouts/application.html.erb
  Rendering bakery/home.html.erb within layouts/application
  Rendered bakery/home.html.erb within layouts/application (Duration: 2.3ms | GC: 0.0ms)
  Rendered layout layouts/application.html.erb (Duration: 3.5ms | GC: 0.0ms)
Completed 200 OK in 6ms (Views: 4.3ms | ActiveRecord: 0.0ms (0 queries, 0 cached) | GC: 0.0ms)


Started GET "/" for 127.0.0.1 at 2026-09-27 10:37:36 -0400
Processing by BakeryController#home as HTML
  Rendering layout layouts/application.html.erb
  Rendering bakery/home.html.erb within layouts/application
  Rendered bakery/home.html.erb within layouts/application (Duration: 0.5ms | GC: 0.0ms)
  Rendered layout layouts/application.html.erb (Duration: 1.6ms | GC: 0.0ms)
Completed 200 OK in 3ms (Views: 2.0ms | ActiveRecord: 0.0ms (0 queries, 0 cached) | GC: 0.0ms)


Started GET "/" for 127.0.0.1 at 2026-09-27 10:54:26 -0400
Processing by BakeryController#home as HTML
  Rendering layout layouts/application.html.erb
  Rendering bakery/home.html.erb within layouts/application
  Rendered bakery/home.html.erb within layouts/application (Duration: 4.2ms | GC: 0.1ms)
  Rendered layout layouts/application.html.erb (Duration: 6.7ms | GC: 1.3ms)
Completed 200 OK in 9ms (Views: 7.6ms | ActiveRecord: 0.0ms (0 queries, 0 cached) | GC: 1.3ms)


Started GET "/" for 127.0.0.1 at 2026-09-27 10:54:46 -0400
Processing by BakeryController#home as HTML
  Rendering layout layouts/application.html.erb
  Rendering bakery/home.html.erb within layouts/application
  Rendered bakery/home.html.erb within layouts/application (Duration: 3.4ms | GC: 2.2ms)
  Rendered layout layouts/application.html.erb (Duration: 6.4ms | GC: 4.1ms)
Completed 200 OK in 13ms (Views: 8.2ms | ActiveRecord: 0.0ms (0 queries, 0 cached) | GC: 6.3ms)


Started GET "/" for ::1 at 2026-09-27 10:55:15 -0400
Processing by BakeryController#home as HTML
  Rendering layout layouts/application.html.erb
  Rendering bakery/home.html.erb within layouts/application
  Rendered bakery/home.html.erb within layouts/application (Duration: 0.7ms | GC: 0.2ms)
  Rendered layout layouts/application.html.erb (Duration: 4.1ms | GC: 2.7ms)
Completed 200 OK in 7ms (Views: 5.1ms | ActiveRecord: 0.0ms (0 queries, 0 cached) | GC: 4.1ms)


Started GET "/" for 127.0.0.1 at 2026-09-27 10:57:33 -0400
Processing by BakeryController#home as HTML
  Rendering layout layouts/application.html.erb
  Rendering bakery/home.html.erb within layouts/application
  Rendered bakery/home.html.erb within layouts/application (Duration: 3.8ms | GC: 0.0ms)
  Rendered layout layouts/application.html.erb (Duration: 4.9ms | GC: 0.0ms)
Completed 200 OK in 8ms (Views: 6.3ms | ActiveRecord: 0.0ms (0 queries, 0 cached) | GC: 0.3ms)


Started GET "/" for 127.0.0.1 at 2026-09-27 10:57:46 -0400
Processing by BakeryController#home as HTML
  Rendering layout layouts/application.html.erb
  Rendering bakery/home.html.erb within layouts/application
  Rendered bakery/home.html.erb within layouts/application (Duration: 0.5ms | GC: 0.0ms)
  Rendered layout layouts/application.html.erb (Duration: 1.7ms | GC: 0.0ms)
Completed 200 OK in 4ms (Views: 2.3ms | ActiveRecord: 0.0ms (0 queries, 0 cached) | GC: 0.5ms)


Started GET "/" for 127.0.0.1 at 2026-09-27 11:02:28 -0400
Processing by BakeryController#home as HTML
  Rendering layout layouts/application.html.erb
  Rendering bakery/home.html.erb within layouts/application
  Rendered bakery/home.html.erb within layouts/application (Duration: 2.7ms | GC: 0.0ms)
  Rendered layout layouts/application.html.erb (Duration: 4.2ms | GC: 0.0ms)
Completed 200 OK in 7ms (Views: 5.0ms | ActiveRecord: 0.0ms (0 queries, 0 cached) | GC: 0.3ms)


Started GET "/" for 127.0.0.1 at 2026-09-27 11:03:00 -0400
Processing by BakeryController#home as HTML
  Rendering layout layouts/application.html.erb
  Rendering bakery/home.html.erb within layouts/application
  Rendered bakery/home.html.erb within layouts/application (Duration: 0.6ms | GC: 0.0ms)
  Rendered layout layouts/application.html.erb (Duration: 1.7ms | GC: 0.0ms)
Completed 200 OK in 5ms (Views: 2.4ms | ActiveRecord: 0.0ms (0 queries, 0 cached) | GC: 0.5ms)


Started GET "/" for 127.0.0.1 at 2026-09-27 11:05:11 -0400
Processing by BakeryController#home as HTML
  Rendering layout layouts/application.html.erb
  Rendering bakery/home.html.erb within layouts/application
  Rendered bakery/home.html.erb within layouts/application (Duration: 0.4ms | GC: 0.0ms)
  Rendered layout layouts/application.html.erb (Duration: 1.2ms | GC: 0.0ms)
Completed 200 OK in 3ms (Views: 1.8ms | ActiveRecord: 0.0ms (0 queries, 0 cached) | GC: 0.0ms)


Started GET "/" for 127.0.0.1 at 2026-09-27 11:05:52 -0400
Processing by BakeryController#home as HTML
  Rendering layout layouts/application.html.erb
  Rendering bakery/home.html.erb within layouts/application
  Rendered bakery/home.html.erb within layouts/application (Duration: 6.9ms | GC: 0.0ms)
  Rendered layout layouts/application.html.erb (Duration: 8.0ms | GC: 0.0ms)
Completed 200 OK in 10ms (Views: 8.4ms | ActiveRecord: 0.0ms (0 queries, 0 cached) | GC: 0.4ms)


Started GET "/" for 127.0.0.1 at 2026-09-27 11:06:20 -0400
Processing by BakeryController#home as HTML
  Rendering layout layouts/application.html.erb
  Rendering bakery/home.html.erb within layouts/application
  Rendered bakery/home.html.erb within layouts/application (Duration: 0.5ms | GC: 0.0ms)
  Rendered layout layouts/application.html.erb (Duration: 1.4ms | GC: 0.0ms)
Completed 200 OK in 4ms (Views: 2.0ms | ActiveRecord: 0.0ms (0 queries, 0 cached) | GC: 0.0ms)


Started GET "/" for 127.0.0.1 at 2026-09-27 11:07:18 -0400
Processing by BakeryController#home as HTML
  Rendering layout layouts/application.html.erb
  Rendering bakery/home.html.erb within layouts/application
  Rendered bakery/home.html.erb within layouts/application (Duration: 2.6ms | GC: 0.0ms)
  Rendered layout layouts/application.html.erb (Duration: 3.5ms | GC: 0.0ms)
Completed 200 OK in 5ms (Views: 3.9ms | ActiveRecord: 0.0ms (0 queries, 0 cached) | GC: 0.0ms)


Started GET "/" for 127.0.0.1 at 2026-09-27 11:07:38 -0400
Processing by BakeryController#home as HTML
  Rendering layout layouts/application.html.erb
  Rendering bakery/home.html.erb within layouts/application
  Rendered bakery/home.html.erb within layouts/application (Duration: 0.3ms | GC: 0.0ms)
  Rendered layout layouts/application.html.erb (Duration: 1.0ms | GC: 0.0ms)
Completed 200 OK in 3ms (Views: 1.6ms | ActiveRecord: 0.0ms (0 queries, 0 cached) | GC: 0.0ms)


Started GET "/" for 127.0.0.1 at 2026-09-27 11:07:38 -0400
Processing by BakeryController#home as HTML
  Rendering layout layouts/application.html.erb
  Rendering bakery/home.html.erb within layouts/application
  Rendered bakery/home.html.erb within layouts/application (Duration: 0.8ms | GC: 0.0ms)
  Rendered layout layouts/application.html.erb (Duration: 2.2ms | GC: 0.0ms)
Completed 200 OK in 4ms (Views: 3.0ms | ActiveRecord: 0.0ms (0 queries, 0 cached) | GC: 0.0ms)


Started GET "/" for 127.0.0.1 at 2026-09-27 11:07:39 -0400
Processing by BakeryController#home as HTML
  Rendering layout layouts/application.html.erb
  Rendering bakery/home.html.erb within layouts/application
  Rendered bakery/home.html.erb within layouts/application (Duration: 0.5ms | GC: 0.0ms)
  Rendered layout layouts/application.html.erb (Duration: 1.6ms | GC: 0.0ms)
Completed 200 OK in 4ms (Views: 2.3ms | ActiveRecord: 0.0ms (0 queries, 0 cached) | GC: 0.0ms)


Started GET "/" for 127.0.0.1 at 2026-09-27 11:07:39 -0400
Processing by BakeryController#home as HTML
  Rendering layout layouts/application.html.erb
  Rendering bakery/home.html.erb within layouts/application
  Rendered bakery/home.html.erb within layouts/application (Duration: 0.4ms | GC: 0.0ms)
  Rendered layout layouts/application.html.erb (Duration: 1.0ms | GC: 0.0ms)
Completed 200 OK in 3ms (Views: 1.4ms | ActiveRecord: 0.0ms (0 queries, 0 cached) | GC: 0.0ms)


Started GET "/" for 127.0.0.1 at 2026-09-27 11:07:39 -0400
Processing by BakeryController#home as HTML
  Rendering layout layouts/application.html.erb
  Rendering bakery/home.html.erb within layouts/application
  Rendered bakery/home.html.erb within layouts/application (Duration: 0.5ms | GC: 0.0ms)
  Rendered layout layouts/application.html.erb (Duration: 2.0ms | GC: 0.0ms)
Completed 200 OK in 4ms (Views: 2.7ms | ActiveRecord: 0.0ms (0 queries, 0 cached) | GC: 0.0ms)


Started GET "/" for 127.0.0.1 at 2026-09-27 11:07:39 -0400
Processing by BakeryController#home as HTML
  Rendering layout layouts/application.html.erb
  Rendering bakery/home.html.erb within layouts/application
  Rendered bakery/home.html.erb within layouts/application (Duration: 0.5ms | GC: 0.0ms)
  Rendered layout layouts/application.html.erb (Duration: 1.3ms | GC: 0.0ms)
Completed 200 OK in 3ms (Views: 1.8ms | ActiveRecord: 0.0ms (0 queries, 0 cached) | GC: 0.0ms)


Started GET "/" for 127.0.0.1 at 2026-09-27 11:07:39 -0400
Processing by BakeryController#home as HTML
  Rendering layout layouts/application.html.erb
  Rendering bakery/home.html.erb within layouts/application
  Rendered bakery/home.html.erb within layouts/application (Duration: 0.4ms | GC: 0.0ms)
  Rendered layout layouts/application.html.erb (Duration: 1.2ms | GC: 0.0ms)
Completed 200 OK in 3ms (Views: 1.8ms | ActiveRecord: 0.0ms (0 queries, 0 cached) | GC: 0.0ms)


Started GET "/" for 127.0.0.1 at 2026-09-27 11:07:40 -0400
Processing by BakeryController#home as HTML
  Rendering layout layouts/application.html.erb
  Rendering bakery/home.html.erb within layouts/application
  Rendered bakery/home.html.erb within layouts/application (Duration: 0.5ms | GC: 0.0ms)
  Rendered layout layouts/application.html.erb (Duration: 1.5ms | GC: 0.0ms)
Completed 200 OK in 4ms (Views: 2.1ms | ActiveRecord: 0.0ms (0 queries, 0 cached) | GC: 0.0ms)


Started GET "/" for 127.0.0.1 at 2026-09-27 11:07:40 -0400
Processing by BakeryController#home as HTML
  Rendering layout layouts/application.html.erb
  Rendering bakery/home.html.erb within layouts/application
  Rendered bakery/home.html.erb within layouts/application (Duration: 0.3ms | GC: 0.0ms)
  Rendered layout layouts/application.html.erb (Duration: 1.0ms | GC: 0.0ms)
Completed 200 OK in 2ms (Views: 1.4ms | ActiveRecord: 0.0ms (0 queries, 0 cached) | GC: 0.0ms)


Started GET "/" for 127.0.0.1 at 2026-09-27 11:07:40 -0400
Processing by BakeryController#home as HTML
  Rendering layout layouts/application.html.erb
  Rendering bakery/home.html.erb within layouts/application
  Rendered bakery/home.html.erb within layouts/application (Duration: 0.5ms | GC: 0.0ms)
  Rendered layout layouts/application.html.erb (Duration: 1.5ms | GC: 0.0ms)
Completed 200 OK in 4ms (Views: 2.2ms | ActiveRecord: 0.0ms (0 queries, 0 cached) | GC: 0.0ms)


Started GET "/" for 127.0.0.1 at 2026-09-27 11:07:58 -0400
Processing by BakeryController#home as HTML
  Rendering layout layouts/application.html.erb
  Rendering bakery/home.html.erb within layouts/application
  Rendered bakery/home.html.erb within layouts/application (Duration: 0.7ms | GC: 0.0ms)
  Rendered layout layouts/application.html.erb (Duration: 1.8ms | GC: 0.0ms)
Completed 200 OK in 4ms (Views: 2.4ms | ActiveRecord: 0.0ms (0 queries, 0 cached) | GC: 0.0ms)


Started GET "/" for 127.0.0.1 at 2026-09-27 11:10:16 -0400
Processing by BakeryController#home as HTML
  Rendering layout layouts/application.html.erb
  Rendering bakery/home.html.erb within layouts/application
  Rendered bakery/home.html.erb within layouts/application (Duration: 2.3ms | GC: 0.0ms)
  Rendered layout layouts/application.html.erb (Duration: 3.4ms | GC: 0.0ms)
Completed 200 OK in 5ms (Views: 3.9ms | ActiveRecord: 0.0ms (0 queries, 0 cached) | GC: 0.0ms)


Started GET "/" for 127.0.0.1 at 2026-09-27 11:10:43 -0400
Processing by BakeryController#home as HTML
  Rendering layout layouts/application.html.erb
  Rendering bakery/home.html.erb within layouts/application
  Rendered bakery/home.html.erb within layouts/application (Duration: 0.8ms | GC: 0.0ms)
  Rendered layout layouts/application.html.erb (Duration: 1.8ms | GC: 0.0ms)
Completed 200 OK in 4ms (Views: 2.5ms | ActiveRecord: 0.0ms (0 queries, 0 cached) | GC: 0.0ms)


Started GET "/" for 127.0.0.1 at 2026-09-27 11:11:42 -0400
Processing by BakeryController#home as HTML
  Rendering layout layouts/application.html.erb
  Rendering bakery/home.html.erb within layouts/application
  Rendered bakery/home.html.erb within layouts/application (Duration: 2.6ms | GC: 0.0ms)
  Rendered layout layouts/application.html.erb (Duration: 4.0ms | GC: 0.0ms)
Completed 200 OK in 6ms (Views: 4.8ms | ActiveRecord: 0.0ms (0 queries, 0 cached) | GC: 0.0ms)


Started GET "/" for 127.0.0.1 at 2026-09-27 11:13:02 -0400
Processing by BakeryController#home as HTML
  Rendering layout layouts/application.html.erb
  Rendering bakery/home.html.erb within layouts/application
  Rendered bakery/home.html.erb within layouts/application (Duration: 2.6ms | GC: 0.0ms)
  Rendered layout layouts/application.html.erb (Duration: 4.3ms | GC: 0.0ms)
Completed 200 OK in 8ms (Views: 6.0ms | ActiveRecord: 0.0ms (0 queries, 0 cached) | GC: 0.5ms)


Started GET "/" for 127.0.0.1 at 2026-09-27 11:13:25 -0400
Processing by BakeryController#home as HTML
  Rendering layout layouts/application.html.erb
  Rendering bakery/home.html.erb within layouts/application
  Rendered bakery/home.html.erb within layouts/application (Duration: 0.5ms | GC: 0.0ms)
  Rendered layout layouts/application.html.erb (Duration: 4.1ms | GC: 2.4ms)
Completed 200 OK in 6ms (Views: 4.9ms | ActiveRecord: 0.0ms (0 queries, 0 cached) | GC: 2.4ms)


Started GET "/" for 127.0.0.1 at 2026-09-27 11:14:15 -0400
Processing by BakeryController#home as HTML
  Rendering layout layouts/application.html.erb
  Rendering bakery/home.html.erb within layouts/application
  Rendered bakery/home.html.erb within layouts/application (Duration: 0.2ms | GC: 0.0ms)
  Rendered layout layouts/application.html.erb (Duration: 0.7ms | GC: 0.0ms)
Completed 200 OK in 2ms (Views: 1.1ms | ActiveRecord: 0.0ms (0 queries, 0 cached) | GC: 0.0ms)


Started GET "/" for 127.0.0.1 at 2026-09-27 11:14:52 -0400
Processing by BakeryController#home as HTML
  Rendering layout layouts/application.html.erb
  Rendering bakery/home.html.erb within layouts/application
  Rendered bakery/home.html.erb within layouts/application (Duration: 4.2ms | GC: 0.0ms)
  Rendered layout layouts/application.html.erb (Duration: 5.6ms | GC: 0.0ms)
Completed 200 OK in 9ms (Views: 6.9ms | ActiveRecord: 0.0ms (0 queries, 0 cached) | GC: 0.2ms)


Started GET "/" for 127.0.0.1 at 2026-09-27 11:15:05 -0400
Processing by BakeryController#home as HTML
  Rendering layout layouts/application.html.erb
  Rendering bakery/home.html.erb within layouts/application
  Rendered bakery/home.html.erb within layouts/application (Duration: 0.5ms | GC: 0.0ms)
  Rendered layout layouts/application.html.erb (Duration: 1.6ms | GC: 0.0ms)
Completed 200 OK in 5ms (Views: 2.2ms | ActiveRecord: 0.0ms (0 queries, 0 cached) | GC: 0.3ms)


Started GET "/" for 127.0.0.1 at 2026-09-27 11:15:05 -0400
Processing by BakeryController#home as HTML
  Rendering layout layouts/application.html.erb
  Rendering bakery/home.html.erb within layouts/application
  Rendered bakery/home.html.erb within layouts/application (Duration: 0.4ms | GC: 0.0ms)
  Rendered layout layouts/application.html.erb (Duration: 1.2ms | GC: 0.0ms)
Completed 200 OK in 3ms (Views: 1.8ms | ActiveRecord: 0.0ms (0 queries, 0 cached) | GC: 0.0ms)


Started GET "/" for 127.0.0.1 at 2026-09-27 11:15:05 -0400
Processing by BakeryController#home as HTML
  Rendering layout layouts/application.html.erb
  Rendering bakery/home.html.erb within layouts/application
  Rendered bakery/home.html.erb within layouts/application (Duration: 0.5ms | GC: 0.0ms)
  Rendered layout layouts/application.html.erb (Duration: 1.5ms | GC: 0.0ms)
Completed 200 OK in 4ms (Views: 2.2ms | ActiveRecord: 0.0ms (0 queries, 0 cached) | GC: 0.0ms)


Started GET "/" for 127.0.0.1 at 2026-09-27 11:16:51 -0400
Processing by BakeryController#home as HTML
  Rendering layout layouts/application.html.erb
  Rendering bakery/home.html.erb within layouts/application
  Rendered bakery/home.html.erb within layouts/application (Duration: 0.2ms | GC: 0.0ms)
  Rendered layout layouts/application.html.erb (Duration: 0.6ms | GC: 0.0ms)
Completed 200 OK in 2ms (Views: 0.9ms | ActiveRecord: 0.0ms (0 queries, 0 cached) | GC: 0.0ms)


Started GET "/" for 127.0.0.1 at 2026-09-27 11:17:17 -0400
Processing by BakeryController#home as HTML
  Rendering layout layouts/application.html.erb
  Rendering bakery/home.html.erb within layouts/application
  Rendered bakery/home.html.erb within layouts/application (Duration: 2.3ms | GC: 0.2ms)
  Rendered layout layouts/application.html.erb (Duration: 3.2ms | GC: 0.2ms)
Completed 200 OK in 5ms (Views: 3.6ms | ActiveRecord: 0.0ms (0 queries, 0 cached) | GC: 0.2ms)


Started GET "/" for 127.0.0.1 at 2026-09-27 11:17:33 -0400
Processing by BakeryController#home as HTML
  Rendering layout layouts/application.html.erb
  Rendering bakery/home.html.erb within layouts/application
  Rendered bakery/home.html.erb within layouts/application (Duration: 0.4ms | GC: 0.0ms)
  Rendered layout layouts/application.html.erb (Duration: 1.7ms | GC: 0.0ms)
Completed 200 OK in 4ms (Views: 2.6ms | ActiveRecord: 0.0ms (0 queries, 0 cached) | GC: 0.3ms)


Started GET "/" for 127.0.0.1 at 2026-09-27 11:18:28 -0400
Processing by BakeryController#home as HTML
  Rendering layout layouts/application.html.erb
  Rendering bakery/home.html.erb within layouts/application
  Rendered bakery/home.html.erb within layouts/application (Duration: 2.7ms | GC: 0.0ms)
  Rendered layout layouts/application.html.erb (Duration: 4.0ms | GC: 0.0ms)
Completed 200 OK in 7ms (Views: 5.0ms | ActiveRecord: 0.0ms (0 queries, 0 cached) | GC: 0.1ms)


Started GET "/" for 127.0.0.1 at 2026-09-27 11:18:39 -0400
Processing by BakeryController#home as HTML
  Rendering layout layouts/application.html.erb
  Rendering bakery/home.html.erb within layouts/application
  Rendered bakery/home.html.erb within layouts/application (Duration: 0.3ms | GC: 0.0ms)
  Rendered layout layouts/application.html.erb (Duration: 0.8ms | GC: 0.0ms)
Completed 200 OK in 2ms (Views: 1.1ms | ActiveRecord: 0.0ms (0 queries, 0 cached) | GC: 0.0ms)


Started GET "/" for 127.0.0.1 at 2026-09-27 11:18:50 -0400
Processing by BakeryController#home as HTML
  Rendering layout layouts/application.html.erb
  Rendering bakery/home.html.erb within layouts/application
  Rendered bakery/home.html.erb within layouts/application (Duration: 0.4ms | GC: 0.0ms)
  Rendered layout layouts/application.html.erb (Duration: 1.4ms | GC: 0.0ms)
Completed 200 OK in 3ms (Views: 2.0ms | ActiveRecord: 0.0ms (0 queries, 0 cached) | GC: 0.0ms)


Started GET "/" for 127.0.0.1 at 2026-09-27 11:21:03 -0400
Processing by BakeryController#home as HTML
  Rendering layout layouts/application.html.erb
  Rendering bakery/home.html.erb within layouts/application
  Rendered bakery/home.html.erb within layouts/application (Duration: 2.5ms | GC: 0.0ms)
  Rendered layout layouts/application.html.erb (Duration: 3.5ms | GC: 0.0ms)
Completed 200 OK in 6ms (Views: 4.4ms | ActiveRecord: 0.0ms (0 queries, 0 cached) | GC: 0.0ms)


[dotenv] Set [36mWHATSAPP_CONTACT_NUMBER[0m
[dotenv] Loaded [33m.env[0m
Started HEAD "/" for 127.0.0.1 at 2026-09-27 11:22:48 -0400
  [1m[36mActiveRecord::SchemaMigration Load (0.1ms)[0m  [1m[34mSELECT "schema_migrations"."version" FROM "schema_migrations" ORDER BY "schema_migrations"."version" ASC /*application='DulceriaWebRuby'*/[0m
Processing by BakeryController#home as */*
  Rendering layout layouts/application.html.erb
  Rendering bakery/home.html.erb within layouts/application
  Rendered bakery/home.html.erb within layouts/application (Duration: 4.1ms | GC: 0.0ms)
  Rendered layout layouts/application.html.erb (Duration: 6.1ms | GC: 0.0ms)
Completed 200 OK in 26ms (Views: 9.1ms | ActiveRecord: 0.0ms (0 queries, 0 cached) | GC: 0.1ms)


Started GET "/" for ::1 at 2026-09-27 11:22:53 -0400
Processing by BakeryController#home as HTML
  Rendering layout layouts/application.html.erb
  Rendering bakery/home.html.erb within layouts/application
  Rendered bakery/home.html.erb within layouts/application (Duration: 0.2ms | GC: 0.0ms)
  Rendered layout layouts/application.html.erb (Duration: 1.7ms | GC: 0.0ms)
Completed 200 OK in 3ms (Views: 2.0ms | ActiveRecord: 0.0ms (0 queries, 0 cached) | GC: 0.0ms)


Started GET "/" for 127.0.0.1 at 2026-09-27 11:23:27 -0400
Processing by BakeryController#home as HTML
  Rendering layout layouts/application.html.erb
  Rendering bakery/home.html.erb within layouts/application
  Rendered bakery/home.html.erb within layouts/application (Duration: 0.5ms | GC: 0.0ms)
  Rendered layout layouts/application.html.erb (Duration: 1.7ms | GC: 0.0ms)
Completed 200 OK in 5ms (Views: 2.5ms | ActiveRecord: 0.0ms (0 queries, 0 cached) | GC: 0.0ms)


Started GET "/" for 127.0.0.1 at 2026-09-27 11:23:38 -0400
Processing by BakeryController#home as HTML
  Rendering layout layouts/application.html.erb
  Rendering bakery/home.html.erb within layouts/application
  Rendered bakery/home.html.erb within layouts/application (Duration: 0.7ms | GC: 0.0ms)
  Rendered layout layouts/application.html.erb (Duration: 2.4ms | GC: 0.0ms)
Completed 200 OK in 7ms (Views: 3.7ms | ActiveRecord: 0.0ms (0 queries, 0 cached) | GC: 0.0ms)


Started GET "/" for ::1 at 2026-09-27 11:24:16 -0400
Processing by BakeryController#home as HTML
  Rendering layout layouts/application.html.erb
  Rendering bakery/home.html.erb within layouts/application
  Rendered bakery/home.html.erb within layouts/application (Duration: 0.3ms | GC: 0.0ms)
  Rendered layout layouts/application.html.erb (Duration: 1.0ms | GC: 0.0ms)
Completed 200 OK in 3ms (Views: 1.4ms | ActiveRecord: 0.0ms (0 queries, 0 cached) | GC: 0.0ms)


Started GET "/" for 127.0.0.1 at 2026-09-27 11:24:34 -0400
Processing by BakeryController#home as HTML
  Rendering layout layouts/application.html.erb
  Rendering bakery/home.html.erb within layouts/application
  Rendered bakery/home.html.erb within layouts/application (Duration: 0.3ms | GC: 0.0ms)
  Rendered layout layouts/application.html.erb (Duration: 1.0ms | GC: 0.0ms)
Completed 200 OK in 3ms (Views: 1.3ms | ActiveRecord: 0.0ms (0 queries, 0 cached) | GC: 0.0ms)


Started GET "/" for 127.0.0.1 at 2026-09-27 11:27:25 -0400
Processing by BakeryController#home as HTML
  Rendering layout layouts/application.html.erb
  Rendering bakery/home.html.erb within layouts/application
  Rendered bakery/home.html.erb within layouts/application (Duration: 3.0ms | GC: 0.0ms)
  Rendered layout layouts/application.html.erb (Duration: 4.4ms | GC: 0.0ms)
Completed 200 OK in 8ms (Views: 5.7ms | ActiveRecord: 0.0ms (0 queries, 0 cached) | GC: 0.0ms)


Started GET "/" for 127.0.0.1 at 2026-09-27 11:27:41 -0400
Processing by BakeryController#home as HTML
  Rendering layout layouts/application.html.erb
  Rendering bakery/home.html.erb within layouts/application
  Rendered bakery/home.html.erb within layouts/application (Duration: 0.4ms | GC: 0.0ms)
  Rendered layout layouts/application.html.erb (Duration: 2.1ms | GC: 0.0ms)
Completed 200 OK in 5ms (Views: 3.3ms | ActiveRecord: 0.0ms (0 queries, 0 cached) | GC: 0.0ms)


Started GET "/" for 127.0.0.1 at 2026-09-27 11:28:59 -0400
Processing by BakeryController#home as HTML
  Rendering layout layouts/application.html.erb
  Rendering bakery/home.html.erb within layouts/application
  Rendered bakery/home.html.erb within layouts/application (Duration: 2.5ms | GC: 0.0ms)
  Rendered layout layouts/application.html.erb (Duration: 3.8ms | GC: 0.0ms)
Completed 200 OK in 5ms (Views: 4.2ms | ActiveRecord: 0.0ms (0 queries, 0 cached) | GC: 0.0ms)


Started GET "/" for 127.0.0.1 at 2026-09-27 11:29:14 -0400
Processing by BakeryController#home as HTML
  Rendering layout layouts/application.html.erb
  Rendering bakery/home.html.erb within layouts/application
  Rendered bakery/home.html.erb within layouts/application (Duration: 0.5ms | GC: 0.0ms)
  Rendered layout layouts/application.html.erb (Duration: 1.6ms | GC: 0.0ms)
Completed 200 OK in 4ms (Views: 2.2ms | ActiveRecord: 0.0ms (0 queries, 0 cached) | GC: 0.0ms)


Started GET "/" for 127.0.0.1 at 2026-09-27 11:30:34 -0400
Processing by BakeryController#home as HTML
  Rendering layout layouts/application.html.erb
  Rendering bakery/home.html.erb within layouts/application
  Rendered bakery/home.html.erb within layouts/application (Duration: 2.6ms | GC: 0.2ms)
  Rendered layout layouts/application.html.erb (Duration: 5.8ms | GC: 1.9ms)
Completed 200 OK in 8ms (Views: 6.3ms | ActiveRecord: 0.0ms (0 queries, 0 cached) | GC: 1.9ms)


Started GET "/" for 127.0.0.1 at 2026-09-27 11:30:40 -0400
Processing by BakeryController#home as HTML
  Rendering layout layouts/application.html.erb
  Rendering bakery/home.html.erb within layouts/application
  Rendered bakery/home.html.erb within layouts/application (Duration: 1.0ms | GC: 0.6ms)
  Rendered layout layouts/application.html.erb (Duration: 2.1ms | GC: 1.1ms)
Completed 200 OK in 6ms (Views: 2.4ms | ActiveRecord: 0.0ms (0 queries, 0 cached) | GC: 3.2ms)


Started GET "/" for 127.0.0.1 at 2026-09-27 11:32:17 -0400
Processing by BakeryController#home as HTML
  Rendering layout layouts/application.html.erb
  Rendering bakery/home.html.erb within layouts/application
  Rendered bakery/home.html.erb within layouts/application (Duration: 2.1ms | GC: 0.4ms)
  Rendered layout layouts/application.html.erb (Duration: 4.0ms | GC: 1.4ms)
Completed 200 OK in 6ms (Views: 4.4ms | ActiveRecord: 0.0ms (0 queries, 0 cached) | GC: 2.3ms)


Started GET "/" for 127.0.0.1 at 2026-09-27 11:32:20 -0400
Processing by BakeryController#home as HTML
  Rendering layout layouts/application.html.erb
  Rendering bakery/home.html.erb within layouts/application
  Rendered bakery/home.html.erb within layouts/application (Duration: 0.5ms | GC: 0.2ms)
  Rendered layout layouts/application.html.erb (Duration: 1.9ms | GC: 1.0ms)
Completed 200 OK in 6ms (Views: 2.7ms | ActiveRecord: 0.0ms (0 queries, 0 cached) | GC: 3.3ms)


